ninja: Entering directory `build_ninja'
ninja: no work to do.
